<?xml version="1.0"?>
<link_info>
   <banner>TI ARM Linker PC v15.12.7.LTS</banner>
   <copyright>Copyright (c) 1996-2017 Texas Instruments Incorporated</copyright>
   <link_time>0x6697ae25</link_time>
   <link_errors>0x0</link_errors>
   <output_file>FreeRTOS_LM3.out</output_file>
   <entry_point>
      <name>_c_int00</name>
      <address>0xaef1</address>
   </entry_point>
   <input_file_list>
      <input_file id="fl-2">
         <path>.\FreeRTOS\</path>
         <kind>object</kind>
         <file>croutine.obj</file>
         <name>croutine.obj</name>
      </input_file>
      <input_file id="fl-3">
         <path>.\FreeRTOS\</path>
         <kind>object</kind>
         <file>list.obj</file>
         <name>list.obj</name>
      </input_file>
      <input_file id="fl-4">
         <path>.\FreeRTOS\</path>
         <kind>object</kind>
         <file>queue.obj</file>
         <name>queue.obj</name>
      </input_file>
      <input_file id="fl-5">
         <path>.\FreeRTOS\</path>
         <kind>object</kind>
         <file>tasks.obj</file>
         <name>tasks.obj</name>
      </input_file>
      <input_file id="fl-6">
         <path>.\FreeRTOS\</path>
         <kind>object</kind>
         <file>timers.obj</file>
         <name>timers.obj</name>
      </input_file>
      <input_file id="fl-7">
         <path>.\FreeRTOS\portable\CCS\ARM_CM3\</path>
         <kind>object</kind>
         <file>port.obj</file>
         <name>port.obj</name>
      </input_file>
      <input_file id="fl-8">
         <path>.\FreeRTOS\portable\CCS\ARM_CM3\</path>
         <kind>object</kind>
         <file>portasm.obj</file>
         <name>portasm.obj</name>
      </input_file>
      <input_file id="fl-9">
         <path>.\FreeRTOS\portable\MemMang\</path>
         <kind>object</kind>
         <file>heap_3.obj</file>
         <name>heap_3.obj</name>
      </input_file>
      <input_file id="fl-a">
         <path>.\Source_App\LCD\</path>
         <kind>object</kind>
         <file>DefaultFonts.obj</file>
         <name>DefaultFonts.obj</name>
      </input_file>
      <input_file id="fl-b">
         <path>.\Source_App\LCD\</path>
         <kind>object</kind>
         <file>ST7735.obj</file>
         <name>ST7735.obj</name>
      </input_file>
      <input_file id="fl-c">
         <path>.\Source_App\LCD\</path>
         <kind>object</kind>
         <file>hw_config_LCD.obj</file>
         <name>hw_config_LCD.obj</name>
      </input_file>
      <input_file id="fl-d">
         <path>.\Source_App\</path>
         <kind>object</kind>
         <file>app_additional_funcs.obj</file>
         <name>app_additional_funcs.obj</name>
      </input_file>
      <input_file id="fl-e">
         <path>.\Source_App\</path>
         <kind>object</kind>
         <file>app_tasks.obj</file>
         <name>app_tasks.obj</name>
      </input_file>
      <input_file id="fl-f">
         <path>.\Source_App\</path>
         <kind>object</kind>
         <file>hw_api.obj</file>
         <name>hw_api.obj</name>
      </input_file>
      <input_file id="fl-10">
         <path>.\Source_App\</path>
         <kind>object</kind>
         <file>main.obj</file>
         <name>main.obj</name>
      </input_file>
      <input_file id="fl-11">
         <path>.\Source_App\</path>
         <kind>object</kind>
         <file>ringbuf.obj</file>
         <name>ringbuf.obj</name>
      </input_file>
      <input_file id="fl-12">
         <path>.\Source_App\</path>
         <kind>object</kind>
         <file>startup_ccs.obj</file>
         <name>startup_ccs.obj</name>
      </input_file>
      <input_file id="fl-13">
         <path>.\Source_App\</path>
         <kind>object</kind>
         <file>timertest.obj</file>
         <name>timertest.obj</name>
      </input_file>
      <input_file id="fl-14">
         <path>.\Source_App\</path>
         <kind>object</kind>
         <file>uartDrv.obj</file>
         <name>uartDrv.obj</name>
      </input_file>
      <input_file id="fl-15">
         <path>.\Source_App\</path>
         <kind>object</kind>
         <file>ustdlib.obj</file>
         <name>ustdlib.obj</name>
      </input_file>
      <input_file id="fl-16">
         <path>.\WebServer\</path>
         <kind>object</kind>
         <file>emac.obj</file>
         <name>emac.obj</name>
      </input_file>
      <input_file id="fl-17">
         <path>.\WebServer\</path>
         <kind>object</kind>
         <file>http-strings.obj</file>
         <name>http-strings.obj</name>
      </input_file>
      <input_file id="fl-18">
         <path>.\WebServer\</path>
         <kind>object</kind>
         <file>httpd-cgi.obj</file>
         <name>httpd-cgi.obj</name>
      </input_file>
      <input_file id="fl-19">
         <path>.\WebServer\</path>
         <kind>object</kind>
         <file>httpd-fs.obj</file>
         <name>httpd-fs.obj</name>
      </input_file>
      <input_file id="fl-1a">
         <path>.\WebServer\</path>
         <kind>object</kind>
         <file>httpd.obj</file>
         <name>httpd.obj</name>
      </input_file>
      <input_file id="fl-1b">
         <path>.\WebServer\</path>
         <kind>object</kind>
         <file>uIP_Task.obj</file>
         <name>uIP_Task.obj</name>
      </input_file>
      <input_file id="fl-1c">
         <path>.\driverlib\</path>
         <kind>object</kind>
         <file>adc.obj</file>
         <name>adc.obj</name>
      </input_file>
      <input_file id="fl-1d">
         <path>.\driverlib\</path>
         <kind>object</kind>
         <file>can.obj</file>
         <name>can.obj</name>
      </input_file>
      <input_file id="fl-1e">
         <path>.\driverlib\</path>
         <kind>object</kind>
         <file>comp.obj</file>
         <name>comp.obj</name>
      </input_file>
      <input_file id="fl-1f">
         <path>.\driverlib\</path>
         <kind>object</kind>
         <file>cpu.obj</file>
         <name>cpu.obj</name>
      </input_file>
      <input_file id="fl-20">
         <path>.\driverlib\</path>
         <kind>object</kind>
         <file>epi.obj</file>
         <name>epi.obj</name>
      </input_file>
      <input_file id="fl-21">
         <path>.\driverlib\</path>
         <kind>object</kind>
         <file>ethernet.obj</file>
         <name>ethernet.obj</name>
      </input_file>
      <input_file id="fl-22">
         <path>.\driverlib\</path>
         <kind>object</kind>
         <file>flash.obj</file>
         <name>flash.obj</name>
      </input_file>
      <input_file id="fl-23">
         <path>.\driverlib\</path>
         <kind>object</kind>
         <file>gpio.obj</file>
         <name>gpio.obj</name>
      </input_file>
      <input_file id="fl-24">
         <path>.\driverlib\</path>
         <kind>object</kind>
         <file>hibernate.obj</file>
         <name>hibernate.obj</name>
      </input_file>
      <input_file id="fl-25">
         <path>.\driverlib\</path>
         <kind>object</kind>
         <file>i2c.obj</file>
         <name>i2c.obj</name>
      </input_file>
      <input_file id="fl-26">
         <path>.\driverlib\</path>
         <kind>object</kind>
         <file>i2s.obj</file>
         <name>i2s.obj</name>
      </input_file>
      <input_file id="fl-27">
         <path>.\driverlib\</path>
         <kind>object</kind>
         <file>interrupt.obj</file>
         <name>interrupt.obj</name>
      </input_file>
      <input_file id="fl-28">
         <path>.\driverlib\</path>
         <kind>object</kind>
         <file>mpu.obj</file>
         <name>mpu.obj</name>
      </input_file>
      <input_file id="fl-29">
         <path>.\driverlib\</path>
         <kind>object</kind>
         <file>pwm.obj</file>
         <name>pwm.obj</name>
      </input_file>
      <input_file id="fl-2a">
         <path>.\driverlib\</path>
         <kind>object</kind>
         <file>qei.obj</file>
         <name>qei.obj</name>
      </input_file>
      <input_file id="fl-2b">
         <path>.\driverlib\</path>
         <kind>object</kind>
         <file>ssi.obj</file>
         <name>ssi.obj</name>
      </input_file>
      <input_file id="fl-2c">
         <path>.\driverlib\</path>
         <kind>object</kind>
         <file>sysctl.obj</file>
         <name>sysctl.obj</name>
      </input_file>
      <input_file id="fl-2d">
         <path>.\driverlib\</path>
         <kind>object</kind>
         <file>systick.obj</file>
         <name>systick.obj</name>
      </input_file>
      <input_file id="fl-2e">
         <path>.\driverlib\</path>
         <kind>object</kind>
         <file>timer.obj</file>
         <name>timer.obj</name>
      </input_file>
      <input_file id="fl-2f">
         <path>.\driverlib\</path>
         <kind>object</kind>
         <file>uart.obj</file>
         <name>uart.obj</name>
      </input_file>
      <input_file id="fl-30">
         <path>.\driverlib\</path>
         <kind>object</kind>
         <file>udma.obj</file>
         <name>udma.obj</name>
      </input_file>
      <input_file id="fl-31">
         <path>.\driverlib\</path>
         <kind>object</kind>
         <file>usb.obj</file>
         <name>usb.obj</name>
      </input_file>
      <input_file id="fl-32">
         <path>.\driverlib\</path>
         <kind>object</kind>
         <file>watchdog.obj</file>
         <name>watchdog.obj</name>
      </input_file>
      <input_file id="fl-33">
         <path>.\uip\</path>
         <kind>object</kind>
         <file>psock.obj</file>
         <name>psock.obj</name>
      </input_file>
      <input_file id="fl-34">
         <path>.\uip\</path>
         <kind>object</kind>
         <file>timer_e.obj</file>
         <name>timer_e.obj</name>
      </input_file>
      <input_file id="fl-35">
         <path>.\uip\</path>
         <kind>object</kind>
         <file>uip-fw.obj</file>
         <name>uip-fw.obj</name>
      </input_file>
      <input_file id="fl-36">
         <path>.\uip\</path>
         <kind>object</kind>
         <file>uip-neighbor.obj</file>
         <name>uip-neighbor.obj</name>
      </input_file>
      <input_file id="fl-37">
         <path>.\uip\</path>
         <kind>object</kind>
         <file>uip-split.obj</file>
         <name>uip-split.obj</name>
      </input_file>
      <input_file id="fl-38">
         <path>.\uip\</path>
         <kind>object</kind>
         <file>uip.obj</file>
         <name>uip.obj</name>
      </input_file>
      <input_file id="fl-39">
         <path>.\uip\</path>
         <kind>object</kind>
         <file>uip_arp.obj</file>
         <name>uip_arp.obj</name>
      </input_file>
      <input_file id="fl-3a">
         <path>.\uip\</path>
         <kind>object</kind>
         <file>uiplib.obj</file>
         <name>uiplib.obj</name>
      </input_file>
      <input_file id="fl-3e">
         <kind>object</kind>
         <file>&lt;internal&gt;</file>
         <name>&lt;internal&gt;</name>
      </input_file>
      <input_file id="fl-f4">
         <path>D:\Programme\TI\ccsv6\tools\compiler\ti-cgt-arm_15.12.7.LTS\lib\</path>
         <kind>archive</kind>
         <file>rtsv7M3_T_le_eabi.lib</file>
         <name>atol.obj</name>
      </input_file>
      <input_file id="fl-f5">
         <path>D:\Programme\TI\ccsv6\tools\compiler\ti-cgt-arm_15.12.7.LTS\lib\</path>
         <kind>archive</kind>
         <file>rtsv7M3_T_le_eabi.lib</file>
         <name>boot.obj</name>
      </input_file>
      <input_file id="fl-f6">
         <path>D:\Programme\TI\ccsv6\tools\compiler\ti-cgt-arm_15.12.7.LTS\lib\</path>
         <kind>archive</kind>
         <file>rtsv7M3_T_le_eabi.lib</file>
         <name>copy_decompress_none.obj</name>
      </input_file>
      <input_file id="fl-f7">
         <path>D:\Programme\TI\ccsv6\tools\compiler\ti-cgt-arm_15.12.7.LTS\lib\</path>
         <kind>archive</kind>
         <file>rtsv7M3_T_le_eabi.lib</file>
         <name>copy_decompress_rle.obj</name>
      </input_file>
      <input_file id="fl-f8">
         <path>D:\Programme\TI\ccsv6\tools\compiler\ti-cgt-arm_15.12.7.LTS\lib\</path>
         <kind>archive</kind>
         <file>rtsv7M3_T_le_eabi.lib</file>
         <name>copy_zero_init.obj</name>
      </input_file>
      <input_file id="fl-f9">
         <path>D:\Programme\TI\ccsv6\tools\compiler\ti-cgt-arm_15.12.7.LTS\lib\</path>
         <kind>archive</kind>
         <file>rtsv7M3_T_le_eabi.lib</file>
         <name>ctype.obj</name>
      </input_file>
      <input_file id="fl-fa">
         <path>D:\Programme\TI\ccsv6\tools\compiler\ti-cgt-arm_15.12.7.LTS\lib\</path>
         <kind>archive</kind>
         <file>rtsv7M3_T_le_eabi.lib</file>
         <name>exit.obj</name>
      </input_file>
      <input_file id="fl-fb">
         <path>D:\Programme\TI\ccsv6\tools\compiler\ti-cgt-arm_15.12.7.LTS\lib\</path>
         <kind>archive</kind>
         <file>rtsv7M3_T_le_eabi.lib</file>
         <name>fd_add_t2.obj</name>
      </input_file>
      <input_file id="fl-fc">
         <path>D:\Programme\TI\ccsv6\tools\compiler\ti-cgt-arm_15.12.7.LTS\lib\</path>
         <kind>archive</kind>
         <file>rtsv7M3_T_le_eabi.lib</file>
         <name>fd_div_t2.obj</name>
      </input_file>
      <input_file id="fl-fd">
         <path>D:\Programme\TI\ccsv6\tools\compiler\ti-cgt-arm_15.12.7.LTS\lib\</path>
         <kind>archive</kind>
         <file>rtsv7M3_T_le_eabi.lib</file>
         <name>fd_mul_t2.obj</name>
      </input_file>
      <input_file id="fl-fe">
         <path>D:\Programme\TI\ccsv6\tools\compiler\ti-cgt-arm_15.12.7.LTS\lib\</path>
         <kind>archive</kind>
         <file>rtsv7M3_T_le_eabi.lib</file>
         <name>fd_toi_t2.obj</name>
      </input_file>
      <input_file id="fl-ff">
         <path>D:\Programme\TI\ccsv6\tools\compiler\ti-cgt-arm_15.12.7.LTS\lib\</path>
         <kind>archive</kind>
         <file>rtsv7M3_T_le_eabi.lib</file>
         <name>fd_tos_t2.obj</name>
      </input_file>
      <input_file id="fl-100">
         <path>D:\Programme\TI\ccsv6\tools\compiler\ti-cgt-arm_15.12.7.LTS\lib\</path>
         <kind>archive</kind>
         <file>rtsv7M3_T_le_eabi.lib</file>
         <name>fs_tod_t2.obj</name>
      </input_file>
      <input_file id="fl-101">
         <path>D:\Programme\TI\ccsv6\tools\compiler\ti-cgt-arm_15.12.7.LTS\lib\</path>
         <kind>archive</kind>
         <file>rtsv7M3_T_le_eabi.lib</file>
         <name>i_tofd_t2.obj</name>
      </input_file>
      <input_file id="fl-102">
         <path>D:\Programme\TI\ccsv6\tools\compiler\ti-cgt-arm_15.12.7.LTS\lib\</path>
         <kind>archive</kind>
         <file>rtsv7M3_T_le_eabi.lib</file>
         <name>memcmp.obj</name>
      </input_file>
      <input_file id="fl-103">
         <path>D:\Programme\TI\ccsv6\tools\compiler\ti-cgt-arm_15.12.7.LTS\lib\</path>
         <kind>archive</kind>
         <file>rtsv7M3_T_le_eabi.lib</file>
         <name>memcpy_t2.obj</name>
      </input_file>
      <input_file id="fl-104">
         <path>D:\Programme\TI\ccsv6\tools\compiler\ti-cgt-arm_15.12.7.LTS\lib\</path>
         <kind>archive</kind>
         <file>rtsv7M3_T_le_eabi.lib</file>
         <name>memory.obj</name>
      </input_file>
      <input_file id="fl-105">
         <path>D:\Programme\TI\ccsv6\tools\compiler\ti-cgt-arm_15.12.7.LTS\lib\</path>
         <kind>archive</kind>
         <file>rtsv7M3_T_le_eabi.lib</file>
         <name>memset_t2.obj</name>
      </input_file>
      <input_file id="fl-106">
         <path>D:\Programme\TI\ccsv6\tools\compiler\ti-cgt-arm_15.12.7.LTS\lib\</path>
         <kind>archive</kind>
         <file>rtsv7M3_T_le_eabi.lib</file>
         <name>mpu_init.obj</name>
      </input_file>
      <input_file id="fl-107">
         <path>D:\Programme\TI\ccsv6\tools\compiler\ti-cgt-arm_15.12.7.LTS\lib\</path>
         <kind>archive</kind>
         <file>rtsv7M3_T_le_eabi.lib</file>
         <name>pre_init.obj</name>
      </input_file>
      <input_file id="fl-108">
         <path>D:\Programme\TI\ccsv6\tools\compiler\ti-cgt-arm_15.12.7.LTS\lib\</path>
         <kind>archive</kind>
         <file>rtsv7M3_T_le_eabi.lib</file>
         <name>printf.obj</name>
      </input_file>
      <input_file id="fl-109">
         <path>D:\Programme\TI\ccsv6\tools\compiler\ti-cgt-arm_15.12.7.LTS\lib\</path>
         <kind>archive</kind>
         <file>rtsv7M3_T_le_eabi.lib</file>
         <name>sprintf.obj</name>
      </input_file>
      <input_file id="fl-10a">
         <path>D:\Programme\TI\ccsv6\tools\compiler\ti-cgt-arm_15.12.7.LTS\lib\</path>
         <kind>archive</kind>
         <file>rtsv7M3_T_le_eabi.lib</file>
         <name>stkdepth_vars.obj</name>
      </input_file>
      <input_file id="fl-10b">
         <path>D:\Programme\TI\ccsv6\tools\compiler\ti-cgt-arm_15.12.7.LTS\lib\</path>
         <kind>archive</kind>
         <file>rtsv7M3_T_le_eabi.lib</file>
         <name>strcat.obj</name>
      </input_file>
      <input_file id="fl-10c">
         <path>D:\Programme\TI\ccsv6\tools\compiler\ti-cgt-arm_15.12.7.LTS\lib\</path>
         <kind>archive</kind>
         <file>rtsv7M3_T_le_eabi.lib</file>
         <name>strchr.obj</name>
      </input_file>
      <input_file id="fl-10d">
         <path>D:\Programme\TI\ccsv6\tools\compiler\ti-cgt-arm_15.12.7.LTS\lib\</path>
         <kind>archive</kind>
         <file>rtsv7M3_T_le_eabi.lib</file>
         <name>strcpy.obj</name>
      </input_file>
      <input_file id="fl-10e">
         <path>D:\Programme\TI\ccsv6\tools\compiler\ti-cgt-arm_15.12.7.LTS\lib\</path>
         <kind>archive</kind>
         <file>rtsv7M3_T_le_eabi.lib</file>
         <name>strlen.obj</name>
      </input_file>
      <input_file id="fl-10f">
         <path>D:\Programme\TI\ccsv6\tools\compiler\ti-cgt-arm_15.12.7.LTS\lib\</path>
         <kind>archive</kind>
         <file>rtsv7M3_T_le_eabi.lib</file>
         <name>strncmp.obj</name>
      </input_file>
      <input_file id="fl-110">
         <path>D:\Programme\TI\ccsv6\tools\compiler\ti-cgt-arm_15.12.7.LTS\lib\</path>
         <kind>archive</kind>
         <file>rtsv7M3_T_le_eabi.lib</file>
         <name>strncpy.obj</name>
      </input_file>
      <input_file id="fl-111">
         <path>D:\Programme\TI\ccsv6\tools\compiler\ti-cgt-arm_15.12.7.LTS\lib\</path>
         <kind>archive</kind>
         <file>rtsv7M3_T_le_eabi.lib</file>
         <name>strrchr.obj</name>
      </input_file>
      <input_file id="fl-112">
         <path>D:\Programme\TI\ccsv6\tools\compiler\ti-cgt-arm_15.12.7.LTS\lib\</path>
         <kind>archive</kind>
         <file>rtsv7M3_T_le_eabi.lib</file>
         <name>strstr.obj</name>
      </input_file>
      <input_file id="fl-113">
         <path>D:\Programme\TI\ccsv6\tools\compiler\ti-cgt-arm_15.12.7.LTS\lib\</path>
         <kind>archive</kind>
         <file>rtsv7M3_T_le_eabi.lib</file>
         <name>u_divt2.obj</name>
      </input_file>
      <input_file id="fl-114">
         <path>D:\Programme\TI\ccsv6\tools\compiler\ti-cgt-arm_15.12.7.LTS\lib\</path>
         <kind>archive</kind>
         <file>rtsv7M3_T_le_eabi.lib</file>
         <name>_lock.obj</name>
      </input_file>
      <input_file id="fl-115">
         <path>D:\Programme\TI\ccsv6\tools\compiler\ti-cgt-arm_15.12.7.LTS\lib\</path>
         <kind>archive</kind>
         <file>rtsv7M3_T_le_eabi.lib</file>
         <name>_printfi.obj</name>
      </input_file>
      <input_file id="fl-116">
         <path>D:\Programme\TI\ccsv6\tools\compiler\ti-cgt-arm_15.12.7.LTS\lib\</path>
         <kind>archive</kind>
         <file>rtsv7M3_T_le_eabi.lib</file>
         <name>args_main.obj</name>
      </input_file>
      <input_file id="fl-117">
         <path>D:\Programme\TI\ccsv6\tools\compiler\ti-cgt-arm_15.12.7.LTS\lib\</path>
         <kind>archive</kind>
         <file>rtsv7M3_T_le_eabi.lib</file>
         <name>atoi.obj</name>
      </input_file>
      <input_file id="fl-118">
         <path>D:\Programme\TI\ccsv6\tools\compiler\ti-cgt-arm_15.12.7.LTS\lib\</path>
         <kind>archive</kind>
         <file>rtsv7M3_T_le_eabi.lib</file>
         <name>autoinit.obj</name>
      </input_file>
      <input_file id="fl-119">
         <path>D:\Programme\TI\ccsv6\tools\compiler\ti-cgt-arm_15.12.7.LTS\lib\</path>
         <kind>archive</kind>
         <file>rtsv7M3_T_le_eabi.lib</file>
         <name>cpy_tbl.obj</name>
      </input_file>
      <input_file id="fl-11a">
         <path>D:\Programme\TI\ccsv6\tools\compiler\ti-cgt-arm_15.12.7.LTS\lib\</path>
         <kind>archive</kind>
         <file>rtsv7M3_T_le_eabi.lib</file>
         <name>defs.obj</name>
      </input_file>
      <input_file id="fl-11b">
         <path>D:\Programme\TI\ccsv6\tools\compiler\ti-cgt-arm_15.12.7.LTS\lib\</path>
         <kind>archive</kind>
         <file>rtsv7M3_T_le_eabi.lib</file>
         <name>fd_cmp_t2.obj</name>
      </input_file>
      <input_file id="fl-11c">
         <path>D:\Programme\TI\ccsv6\tools\compiler\ti-cgt-arm_15.12.7.LTS\lib\</path>
         <kind>archive</kind>
         <file>rtsv7M3_T_le_eabi.lib</file>
         <name>fputc.obj</name>
      </input_file>
      <input_file id="fl-11d">
         <path>D:\Programme\TI\ccsv6\tools\compiler\ti-cgt-arm_15.12.7.LTS\lib\</path>
         <kind>archive</kind>
         <file>rtsv7M3_T_le_eabi.lib</file>
         <name>fputs.obj</name>
      </input_file>
      <input_file id="fl-11e">
         <path>D:\Programme\TI\ccsv6\tools\compiler\ti-cgt-arm_15.12.7.LTS\lib\</path>
         <kind>archive</kind>
         <file>rtsv7M3_T_le_eabi.lib</file>
         <name>i_div0.obj</name>
      </input_file>
      <input_file id="fl-11f">
         <path>D:\Programme\TI\ccsv6\tools\compiler\ti-cgt-arm_15.12.7.LTS\lib\</path>
         <kind>archive</kind>
         <file>rtsv7M3_T_le_eabi.lib</file>
         <name>ltoa.obj</name>
      </input_file>
      <input_file id="fl-120">
         <path>D:\Programme\TI\ccsv6\tools\compiler\ti-cgt-arm_15.12.7.LTS\lib\</path>
         <kind>archive</kind>
         <file>rtsv7M3_T_le_eabi.lib</file>
         <name>memccpy.obj</name>
      </input_file>
      <input_file id="fl-121">
         <path>D:\Programme\TI\ccsv6\tools\compiler\ti-cgt-arm_15.12.7.LTS\lib\</path>
         <kind>archive</kind>
         <file>rtsv7M3_T_le_eabi.lib</file>
         <name>memchr.obj</name>
      </input_file>
      <input_file id="fl-122">
         <path>D:\Programme\TI\ccsv6\tools\compiler\ti-cgt-arm_15.12.7.LTS\lib\</path>
         <kind>archive</kind>
         <file>rtsv7M3_T_le_eabi.lib</file>
         <name>s_frexp.obj</name>
      </input_file>
      <input_file id="fl-123">
         <path>D:\Programme\TI\ccsv6\tools\compiler\ti-cgt-arm_15.12.7.LTS\lib\</path>
         <kind>archive</kind>
         <file>rtsv7M3_T_le_eabi.lib</file>
         <name>s_scalbn.obj</name>
      </input_file>
      <input_file id="fl-124">
         <path>D:\Programme\TI\ccsv6\tools\compiler\ti-cgt-arm_15.12.7.LTS\lib\</path>
         <kind>archive</kind>
         <file>rtsv7M3_T_le_eabi.lib</file>
         <name>startup.obj</name>
      </input_file>
      <input_file id="fl-125">
         <path>D:\Programme\TI\ccsv6\tools\compiler\ti-cgt-arm_15.12.7.LTS\lib\</path>
         <kind>archive</kind>
         <file>rtsv7M3_T_le_eabi.lib</file>
         <name>ull_div_t2.obj</name>
      </input_file>
      <input_file id="fl-126">
         <path>D:\Programme\TI\ccsv6\tools\compiler\ti-cgt-arm_15.12.7.LTS\lib\</path>
         <kind>archive</kind>
         <file>rtsv7M3_T_le_eabi.lib</file>
         <name>write.obj</name>
      </input_file>
      <input_file id="fl-127">
         <path>D:\Programme\TI\ccsv6\tools\compiler\ti-cgt-arm_15.12.7.LTS\lib\</path>
         <kind>archive</kind>
         <file>rtsv7M3_T_le_eabi.lib</file>
         <name>_io_perm.obj</name>
      </input_file>
      <input_file id="fl-128">
         <path>D:\Programme\TI\ccsv6\tools\compiler\ti-cgt-arm_15.12.7.LTS\lib\</path>
         <kind>archive</kind>
         <file>rtsv7M3_T_le_eabi.lib</file>
         <name>errno.obj</name>
      </input_file>
      <input_file id="fl-129">
         <path>D:\Programme\TI\ccsv6\tools\compiler\ti-cgt-arm_15.12.7.LTS\lib\</path>
         <kind>archive</kind>
         <file>rtsv7M3_T_le_eabi.lib</file>
         <name>fflush.obj</name>
      </input_file>
      <input_file id="fl-12a">
         <path>D:\Programme\TI\ccsv6\tools\compiler\ti-cgt-arm_15.12.7.LTS\lib\</path>
         <kind>archive</kind>
         <file>rtsv7M3_T_le_eabi.lib</file>
         <name>fseek.obj</name>
      </input_file>
      <input_file id="fl-12b">
         <path>D:\Programme\TI\ccsv6\tools\compiler\ti-cgt-arm_15.12.7.LTS\lib\</path>
         <kind>archive</kind>
         <file>rtsv7M3_T_le_eabi.lib</file>
         <name>hostclose.obj</name>
      </input_file>
      <input_file id="fl-12c">
         <path>D:\Programme\TI\ccsv6\tools\compiler\ti-cgt-arm_15.12.7.LTS\lib\</path>
         <kind>archive</kind>
         <file>rtsv7M3_T_le_eabi.lib</file>
         <name>hostlseek.obj</name>
      </input_file>
      <input_file id="fl-12d">
         <path>D:\Programme\TI\ccsv6\tools\compiler\ti-cgt-arm_15.12.7.LTS\lib\</path>
         <kind>archive</kind>
         <file>rtsv7M3_T_le_eabi.lib</file>
         <name>hostopen.obj</name>
      </input_file>
      <input_file id="fl-12e">
         <path>D:\Programme\TI\ccsv6\tools\compiler\ti-cgt-arm_15.12.7.LTS\lib\</path>
         <kind>archive</kind>
         <file>rtsv7M3_T_le_eabi.lib</file>
         <name>hostread.obj</name>
      </input_file>
      <input_file id="fl-12f">
         <path>D:\Programme\TI\ccsv6\tools\compiler\ti-cgt-arm_15.12.7.LTS\lib\</path>
         <kind>archive</kind>
         <file>rtsv7M3_T_le_eabi.lib</file>
         <name>hostrename.obj</name>
      </input_file>
      <input_file id="fl-130">
         <path>D:\Programme\TI\ccsv6\tools\compiler\ti-cgt-arm_15.12.7.LTS\lib\</path>
         <kind>archive</kind>
         <file>rtsv7M3_T_le_eabi.lib</file>
         <name>hostunlink.obj</name>
      </input_file>
      <input_file id="fl-131">
         <path>D:\Programme\TI\ccsv6\tools\compiler\ti-cgt-arm_15.12.7.LTS\lib\</path>
         <kind>archive</kind>
         <file>rtsv7M3_T_le_eabi.lib</file>
         <name>hostwrite.obj</name>
      </input_file>
      <input_file id="fl-132">
         <path>D:\Programme\TI\ccsv6\tools\compiler\ti-cgt-arm_15.12.7.LTS\lib\</path>
         <kind>archive</kind>
         <file>rtsv7M3_T_le_eabi.lib</file>
         <name>lseek.obj</name>
      </input_file>
      <input_file id="fl-133">
         <path>D:\Programme\TI\ccsv6\tools\compiler\ti-cgt-arm_15.12.7.LTS\lib\</path>
         <kind>archive</kind>
         <file>rtsv7M3_T_le_eabi.lib</file>
         <name>s_copysign.obj</name>
      </input_file>
      <input_file id="fl-134">
         <path>D:\Programme\TI\ccsv6\tools\compiler\ti-cgt-arm_15.12.7.LTS\lib\</path>
         <kind>archive</kind>
         <file>rtsv7M3_T_le_eabi.lib</file>
         <name>setvbuf.obj</name>
      </input_file>
      <input_file id="fl-135">
         <path>D:\Programme\TI\ccsv6\tools\compiler\ti-cgt-arm_15.12.7.LTS\lib\</path>
         <kind>archive</kind>
         <file>rtsv7M3_T_le_eabi.lib</file>
         <name>trgmsg.obj</name>
      </input_file>
      <input_file id="fl-136">
         <path>D:\Programme\TI\ccsv6\tools\compiler\ti-cgt-arm_15.12.7.LTS\lib\</path>
         <kind>archive</kind>
         <file>rtsv7M3_T_le_eabi.lib</file>
         <name>fopen.obj</name>
      </input_file>
      <input_file id="fl-137">
         <path>D:\Programme\TI\ccsv6\tools\compiler\ti-cgt-arm_15.12.7.LTS\lib\</path>
         <kind>archive</kind>
         <file>rtsv7M3_T_le_eabi.lib</file>
         <name>open.obj</name>
      </input_file>
      <input_file id="fl-138">
         <path>D:\Programme\TI\ccsv6\tools\compiler\ti-cgt-arm_15.12.7.LTS\lib\</path>
         <kind>archive</kind>
         <file>rtsv7M3_T_le_eabi.lib</file>
         <name>fclose.obj</name>
      </input_file>
      <input_file id="fl-139">
         <path>D:\Programme\TI\ccsv6\tools\compiler\ti-cgt-arm_15.12.7.LTS\lib\</path>
         <kind>archive</kind>
         <file>rtsv7M3_T_le_eabi.lib</file>
         <name>getdevice.obj</name>
      </input_file>
      <input_file id="fl-13a">
         <path>D:\Programme\TI\ccsv6\tools\compiler\ti-cgt-arm_15.12.7.LTS\lib\</path>
         <kind>archive</kind>
         <file>rtsv7M3_T_le_eabi.lib</file>
         <name>remove.obj</name>
      </input_file>
      <input_file id="fl-13b">
         <path>D:\Programme\TI\ccsv6\tools\compiler\ti-cgt-arm_15.12.7.LTS\lib\</path>
         <kind>archive</kind>
         <file>rtsv7M3_T_le_eabi.lib</file>
         <name>strcmp.obj</name>
      </input_file>
      <input_file id="fl-13c">
         <path>D:\Programme\TI\ccsv6\tools\compiler\ti-cgt-arm_15.12.7.LTS\lib\</path>
         <kind>archive</kind>
         <file>rtsv7M3_T_le_eabi.lib</file>
         <name>unlink.obj</name>
      </input_file>
      <input_file id="fl-13d">
         <path>D:\Programme\TI\ccsv6\tools\compiler\ti-cgt-arm_15.12.7.LTS\lib\</path>
         <kind>archive</kind>
         <file>rtsv7M3_T_le_eabi.lib</file>
         <name>close.obj</name>
      </input_file>
   </input_file_list>
   <object_component_list>
      <object_component id="oc-f">
         <name>.intvecs</name>
         <load_address>0x0</load_address>
         <run_address>0x0</run_address>
         <size>0x100</size>
         <input_file_ref idref="fl-12"/>
      </object_component>
      <object_component id="oc-307">
         <name>.text</name>
         <load_address>0x100</load_address>
         <run_address>0x100</run_address>
         <size>0x160c</size>
         <input_file_ref idref="fl-b"/>
      </object_component>
      <object_component id="oc-350">
         <name>.text</name>
         <load_address>0x170c</load_address>
         <run_address>0x170c</run_address>
         <size>0x10f4</size>
         <input_file_ref idref="fl-115"/>
      </object_component>
      <object_component id="oc-af">
         <name>.text</name>
         <load_address>0x2800</load_address>
         <run_address>0x2800</run_address>
         <size>0xf00</size>
         <input_file_ref idref="fl-5"/>
      </object_component>
      <object_component id="oc-12c">
         <name>.text</name>
         <load_address>0x3700</load_address>
         <run_address>0x3700</run_address>
         <size>0xe84</size>
         <input_file_ref idref="fl-2c"/>
      </object_component>
      <object_component id="oc-3f">
         <name>.text</name>
         <load_address>0x4584</load_address>
         <run_address>0x4584</run_address>
         <size>0xb1c</size>
         <input_file_ref idref="fl-e"/>
      </object_component>
      <object_component id="oc-fa">
         <name>.text</name>
         <load_address>0x50a0</load_address>
         <run_address>0x50a0</run_address>
         <size>0xa94</size>
         <input_file_ref idref="fl-23"/>
      </object_component>
      <object_component id="oc-c5">
         <name>.text</name>
         <load_address>0x5b34</load_address>
         <run_address>0x5b34</run_address>
         <size>0x774</size>
         <input_file_ref idref="fl-4"/>
      </object_component>
      <object_component id="oc-113">
         <name>.text</name>
         <load_address>0x62a8</load_address>
         <run_address>0x62a8</run_address>
         <size>0x62e</size>
         <input_file_ref idref="fl-1c"/>
      </object_component>
      <object_component id="oc-44b">
         <name>.text</name>
         <load_address>0x68d6</load_address>
         <run_address>0x68d6</run_address>
         <size>0x2</size>
         <input_file_ref idref="fl-11e"/>
      </object_component>
      <object_component id="oc-170">
         <name>.text</name>
         <load_address>0x68d8</load_address>
         <run_address>0x68d8</run_address>
         <size>0x62a</size>
         <input_file_ref idref="fl-21"/>
      </object_component>
      <object_component id="oc-7f">
         <name>.text</name>
         <load_address>0x6f02</load_address>
         <run_address>0x6f02</run_address>
         <size>0x2</size>
         <input_file_ref idref="fl-106"/>
      </object_component>
      <object_component id="oc-14c">
         <name>.text</name>
         <load_address>0x6f04</load_address>
         <run_address>0x6f04</run_address>
         <size>0x5d4</size>
         <input_file_ref idref="fl-2f"/>
      </object_component>
      <object_component id="oc-a5">
         <name>.text</name>
         <load_address>0x74d8</load_address>
         <run_address>0x74d8</run_address>
         <size>0x5a0</size>
         <input_file_ref idref="fl-f"/>
      </object_component>
      <object_component id="oc-166">
         <name>.text</name>
         <load_address>0x7a78</load_address>
         <run_address>0x7a78</run_address>
         <size>0x59e</size>
         <input_file_ref idref="fl-2e"/>
      </object_component>
      <object_component id="oc-1a8">
         <name>.text</name>
         <load_address>0x8016</load_address>
         <run_address>0x8016</run_address>
         <size>0x2</size>
         <input_file_ref idref="fl-124"/>
      </object_component>
      <object_component id="oc-126">
         <name>.text</name>
         <load_address>0x8018</load_address>
         <run_address>0x8018</run_address>
         <size>0x578</size>
         <input_file_ref idref="fl-29"/>
      </object_component>
      <object_component id="oc-27f">
         <name>.text</name>
         <load_address>0x8590</load_address>
         <run_address>0x8590</run_address>
         <size>0x3e8</size>
         <input_file_ref idref="fl-15"/>
      </object_component>
      <object_component id="oc-348">
         <name>.text</name>
         <load_address>0x8978</load_address>
         <run_address>0x8978</run_address>
         <size>0x3dc</size>
         <input_file_ref idref="fl-104"/>
      </object_component>
      <object_component id="oc-152">
         <name>.text</name>
         <load_address>0x8d54</load_address>
         <run_address>0x8d54</run_address>
         <size>0x3a0</size>
         <input_file_ref idref="fl-27"/>
      </object_component>
      <object_component id="oc-146">
         <name>.text</name>
         <load_address>0x90f4</load_address>
         <run_address>0x90f4</run_address>
         <size>0x2fe</size>
         <input_file_ref idref="fl-11"/>
      </object_component>
      <object_component id="oc-51">
         <name>.text</name>
         <load_address>0x93f4</load_address>
         <run_address>0x93f4</run_address>
         <size>0x2e8</size>
         <input_file_ref idref="fl-16"/>
      </object_component>
      <object_component id="oc-457">
         <name>.text</name>
         <load_address>0x96dc</load_address>
         <run_address>0x96dc</run_address>
         <size>0x278</size>
         <input_file_ref idref="fl-2b"/>
      </object_component>
      <object_component id="oc-3fe">
         <name>.text</name>
         <load_address>0x9954</load_address>
         <run_address>0x9954</run_address>
         <size>0x1f4</size>
         <input_file_ref idref="fl-125"/>
      </object_component>
      <object_component id="oc-102">
         <name>.text</name>
         <load_address>0x9b48</load_address>
         <run_address>0x9b48</run_address>
         <size>0x1e4</size>
         <input_file_ref idref="fl-d"/>
      </object_component>
      <object_component id="oc-eb">
         <name>.text</name>
         <load_address>0x9d2c</load_address>
         <run_address>0x9d2c</run_address>
         <size>0x1b6</size>
         <input_file_ref idref="fl-fb"/>
      </object_component>
      <object_component id="oc-45">
         <name>.text</name>
         <load_address>0x9ee4</load_address>
         <run_address>0x9ee4</run_address>
         <size>0x17c</size>
         <input_file_ref idref="fl-14"/>
      </object_component>
      <object_component id="oc-1b0">
         <name>.text</name>
         <load_address>0xa060</load_address>
         <run_address>0xa060</run_address>
         <size>0x150</size>
         <input_file_ref idref="fl-10"/>
      </object_component>
      <object_component id="oc-e6">
         <name>.text</name>
         <load_address>0xa1b0</load_address>
         <run_address>0xa1b0</run_address>
         <size>0x136</size>
         <input_file_ref idref="fl-fc"/>
      </object_component>
      <object_component id="oc-1d6">
         <name>.text</name>
         <load_address>0xa2e6</load_address>
         <run_address>0xa2e6</run_address>
         <size>0x12e</size>
         <input_file_ref idref="fl-3"/>
      </object_component>
      <object_component id="oc-3ca">
         <name>.text</name>
         <load_address>0xa414</load_address>
         <run_address>0xa414</run_address>
         <size>0x100</size>
         <input_file_ref idref="fl-c"/>
      </object_component>
      <object_component id="oc-e1">
         <name>.text</name>
         <load_address>0xa514</load_address>
         <run_address>0xa514</run_address>
         <size>0xfc</size>
         <input_file_ref idref="fl-fd"/>
      </object_component>
      <object_component id="oc-39">
         <name>.text</name>
         <load_address>0xa610</load_address>
         <run_address>0xa610</run_address>
         <size>0xe4</size>
         <input_file_ref idref="fl-7"/>
      </object_component>
      <object_component id="oc-419">
         <name>.text</name>
         <load_address>0xa6f4</load_address>
         <run_address>0xa6f4</run_address>
         <size>0xd0</size>
         <input_file_ref idref="fl-123"/>
      </object_component>
      <object_component id="oc-34">
         <name>.text</name>
         <load_address>0xa7c4</load_address>
         <run_address>0xa7c4</run_address>
         <size>0xa8</size>
         <input_file_ref idref="fl-8"/>
      </object_component>
      <object_component id="oc-5a">
         <name>.text</name>
         <load_address>0xa86c</load_address>
         <run_address>0xa86c</run_address>
         <size>0x9c</size>
         <input_file_ref idref="fl-103"/>
      </object_component>
      <object_component id="oc-403">
         <name>.text:__aeabi_cdcmple</name>
         <load_address>0xa908</load_address>
         <run_address>0xa908</run_address>
         <size>0x86</size>
         <input_file_ref idref="fl-11b"/>
      </object_component>
      <object_component id="oc-408">
         <name>.text:__aeabi_cdrcmple</name>
         <load_address>0xa98e</load_address>
         <run_address>0xa98e</run_address>
         <size>0x86</size>
         <input_file_ref idref="fl-11b"/>
      </object_component>
      <object_component id="oc-4b">
         <name>.text</name>
         <load_address>0xaa14</load_address>
         <run_address>0xaa14</run_address>
         <size>0x80</size>
         <input_file_ref idref="fl-13"/>
      </object_component>
      <object_component id="oc-73">
         <name>.text</name>
         <load_address>0xaa94</load_address>
         <run_address>0xaa94</run_address>
         <size>0x7a</size>
         <input_file_ref idref="fl-105"/>
      </object_component>
      <object_component id="oc-8b">
         <name>.text</name>
         <load_address>0xab10</load_address>
         <run_address>0xab10</run_address>
         <size>0x70</size>
         <input_file_ref idref="fl-118"/>
      </object_component>
      <object_component id="oc-f0">
         <name>.text</name>
         <load_address>0xab80</load_address>
         <run_address>0xab80</run_address>
         <size>0x6e</size>
         <input_file_ref idref="fl-ff"/>
      </object_component>
      <object_component id="oc-66">
         <name>.text</name>
         <load_address>0xabee</load_address>
         <run_address>0xabee</run_address>
         <size>0x6a</size>
         <input_file_ref idref="fl-f7"/>
      </object_component>
      <object_component id="oc-204">
         <name>.text</name>
         <load_address>0xac58</load_address>
         <run_address>0xac58</run_address>
         <size>0x60</size>
         <input_file_ref idref="fl-109"/>
      </object_component>
      <object_component id="oc-413">
         <name>.text</name>
         <load_address>0xacb8</load_address>
         <run_address>0xacb8</run_address>
         <size>0x5c</size>
         <input_file_ref idref="fl-122"/>
      </object_component>
      <object_component id="oc-97">
         <name>.text</name>
         <load_address>0xad14</load_address>
         <run_address>0xad14</run_address>
         <size>0x54</size>
         <input_file_ref idref="fl-fa"/>
      </object_component>
      <object_component id="oc-40d">
         <name>.text</name>
         <load_address>0xad68</load_address>
         <run_address>0xad68</run_address>
         <size>0x54</size>
         <input_file_ref idref="fl-11f"/>
      </object_component>
      <object_component id="oc-2e">
         <name>.text</name>
         <load_address>0xadbc</load_address>
         <run_address>0xadbc</run_address>
         <size>0x54</size>
         <input_file_ref idref="fl-12"/>
      </object_component>
      <object_component id="oc-42b">
         <name>.text</name>
         <load_address>0xae10</load_address>
         <run_address>0xae10</run_address>
         <size>0x4c</size>
         <input_file_ref idref="fl-117"/>
      </object_component>
      <object_component id="oc-1a2">
         <name>.text</name>
         <load_address>0xae5c</load_address>
         <run_address>0xae5c</run_address>
         <size>0x4c</size>
         <input_file_ref idref="fl-119"/>
      </object_component>
      <object_component id="oc-f5">
         <name>.text</name>
         <load_address>0xaea8</load_address>
         <run_address>0xaea8</run_address>
         <size>0x48</size>
         <input_file_ref idref="fl-fe"/>
      </object_component>
      <object_component id="oc-24">
         <name>.text</name>
         <load_address>0xaef0</load_address>
         <run_address>0xaef0</run_address>
         <size>0x40</size>
         <input_file_ref idref="fl-f5"/>
      </object_component>
      <object_component id="oc-37e">
         <name>.text</name>
         <load_address>0xaf30</load_address>
         <run_address>0xaf30</run_address>
         <size>0x40</size>
         <input_file_ref idref="fl-113"/>
      </object_component>
      <object_component id="oc-2a4">
         <name>.text</name>
         <load_address>0xaf70</load_address>
         <run_address>0xaf70</run_address>
         <size>0x3e</size>
         <input_file_ref idref="fl-1f"/>
      </object_component>
      <object_component id="oc-d7">
         <name>.text</name>
         <load_address>0xafae</load_address>
         <run_address>0xafae</run_address>
         <size>0x38</size>
         <input_file_ref idref="fl-100"/>
      </object_component>
      <object_component id="oc-1fe">
         <name>.text</name>
         <load_address>0xafe6</load_address>
         <run_address>0xafe6</run_address>
         <size>0x30</size>
         <input_file_ref idref="fl-9"/>
      </object_component>
      <object_component id="oc-1f8">
         <name>.text</name>
         <load_address>0xb016</load_address>
         <run_address>0xb016</run_address>
         <size>0x30</size>
         <input_file_ref idref="fl-110"/>
      </object_component>
      <object_component id="oc-dc">
         <name>.text</name>
         <load_address>0xb046</load_address>
         <run_address>0xb046</run_address>
         <size>0x2e</size>
         <input_file_ref idref="fl-101"/>
      </object_component>
      <object_component id="oc-1ee">
         <name>.text</name>
         <load_address>0xb074</load_address>
         <run_address>0xb074</run_address>
         <size>0x22</size>
         <input_file_ref idref="fl-102"/>
      </object_component>
      <object_component id="oc-1e8">
         <name>.text</name>
         <load_address>0xb096</load_address>
         <run_address>0xb096</run_address>
         <size>0x20</size>
         <input_file_ref idref="fl-10b"/>
      </object_component>
      <object_component id="oc-425">
         <name>.text</name>
         <load_address>0xb0b6</load_address>
         <run_address>0xb0b6</run_address>
         <size>0x1a</size>
         <input_file_ref idref="fl-120"/>
      </object_component>
      <object_component id="oc-91">
         <name>.text</name>
         <load_address>0xb0d0</load_address>
         <run_address>0xb0d0</run_address>
         <size>0x18</size>
         <input_file_ref idref="fl-116"/>
      </object_component>
      <object_component id="oc-41f">
         <name>.text</name>
         <load_address>0xb0e8</load_address>
         <run_address>0xb0e8</run_address>
         <size>0x16</size>
         <input_file_ref idref="fl-10c"/>
      </object_component>
      <object_component id="oc-119">
         <name>.text</name>
         <load_address>0xb0fe</load_address>
         <run_address>0xb0fe</run_address>
         <size>0x16</size>
         <input_file_ref idref="fl-10d"/>
      </object_component>
      <object_component id="oc-31c">
         <name>.text</name>
         <load_address>0xb114</load_address>
         <run_address>0xb114</run_address>
         <size>0x14</size>
         <input_file_ref idref="fl-114"/>
      </object_component>
      <object_component id="oc-10a">
         <name>.text</name>
         <load_address>0xb128</load_address>
         <run_address>0xb128</run_address>
         <size>0x14</size>
         <input_file_ref idref="fl-10e"/>
      </object_component>
      <object_component id="oc-12">
         <name>.text:decompress:none</name>
         <load_address>0xb13c</load_address>
         <run_address>0xb13c</run_address>
         <size>0xe</size>
         <input_file_ref idref="fl-f6"/>
      </object_component>
      <object_component id="oc-487">
         <name>.text</name>
         <load_address>0xb14a</load_address>
         <run_address>0xb14a</run_address>
         <size>0x8</size>
         <input_file_ref idref="fl-133"/>
      </object_component>
      <object_component id="oc-2b0">
         <name>.text:SysCtlDelay</name>
         <load_address>0xb152</load_address>
         <run_address>0xb152</run_address>
         <size>0x6</size>
         <input_file_ref idref="fl-2c"/>
      </object_component>
      <object_component id="oc-18">
         <name>.text:decompress:rle24</name>
         <load_address>0xb158</load_address>
         <run_address>0xb158</run_address>
         <size>0x6</size>
         <input_file_ref idref="fl-f7"/>
      </object_component>
      <object_component id="oc-85">
         <name>.text</name>
         <load_address>0xb15e</load_address>
         <run_address>0xb15e</run_address>
         <size>0x4</size>
         <input_file_ref idref="fl-107"/>
      </object_component>
      <object_component id="oc-3d0">
         <name>.const:.string:SmallestFont</name>
         <load_address>0xb164</load_address>
         <run_address>0xb164</run_address>
         <size>0x4ff</size>
         <input_file_ref idref="fl-a"/>
      </object_component>
      <object_component id="oc-298">
         <name>.const:g_ppulPeripheralMap</name>
         <load_address>0xb664</load_address>
         <run_address>0xb664</run_address>
         <size>0x120</size>
         <input_file_ref idref="fl-2c"/>
      </object_component>
      <object_component id="oc-496">
         <name>.const:.string:_ctypes_</name>
         <load_address>0xb784</load_address>
         <run_address>0xb784</run_address>
         <size>0x101</size>
         <input_file_ref idref="fl-f9"/>
      </object_component>
      <object_component id="oc-2c6">
         <name>.const:g_pulRegs</name>
         <load_address>0xb888</load_address>
         <run_address>0xb888</run_address>
         <size>0x9c</size>
         <input_file_ref idref="fl-27"/>
      </object_component>
      <object_component id="oc-27a">
         <name>.const:g_pulGPIOBaseAddrs</name>
         <load_address>0xb924</load_address>
         <run_address>0xb924</run_address>
         <size>0x78</size>
         <input_file_ref idref="fl-23"/>
      </object_component>
      <object_component id="oc-2b1">
         <name>.const:g_pulXtals</name>
         <load_address>0xb99c</load_address>
         <run_address>0xb99c</run_address>
         <size>0x6c</size>
         <input_file_ref idref="fl-2c"/>
      </object_component>
      <object_component id="oc-3d6">
         <name>.const:.string:Bcmd</name>
         <load_address>0xba08</load_address>
         <run_address>0xba08</run_address>
         <size>0x67</size>
         <input_file_ref idref="fl-b"/>
      </object_component>
      <object_component id="oc-2e4">
         <name>.const:g_ppulTimerIntMap</name>
         <load_address>0xba70</load_address>
         <run_address>0xba70</run_address>
         <size>0x60</size>
         <input_file_ref idref="fl-2e"/>
      </object_component>
      <object_component id="oc-2bb">
         <name>.const:g_ppulUARTIntMap</name>
         <load_address>0xbad0</load_address>
         <run_address>0xbad0</run_address>
         <size>0x40</size>
         <input_file_ref idref="fl-2f"/>
      </object_component>
      <object_component id="oc-3d9">
         <name>.const:.string:Rcmd1</name>
         <load_address>0xbb10</load_address>
         <run_address>0xbb10</run_address>
         <size>0x3c</size>
         <input_file_ref idref="fl-b"/>
      </object_component>
      <object_component id="oc-3e2">
         <name>.const:.string:Rcmd3</name>
         <load_address>0xbb4c</load_address>
         <run_address>0xbb4c</run_address>
         <size>0x2b</size>
         <input_file_ref idref="fl-b"/>
      </object_component>
      <object_component id="oc-4a3">
         <name>.const:g_ppulSSIIntMap</name>
         <load_address>0xbb78</load_address>
         <run_address>0xbb78</run_address>
         <size>0x20</size>
         <input_file_ref idref="fl-2b"/>
      </object_component>
      <object_component id="oc-2c3">
         <name>.const:g_pulPriority</name>
         <load_address>0xbb98</load_address>
         <run_address>0xbb98</run_address>
         <size>0x20</size>
         <input_file_ref idref="fl-27"/>
      </object_component>
      <object_component id="oc-1f7">
         <name>.const:.string:ucExpectedStackBytes$1</name>
         <load_address>0xbbb8</load_address>
         <run_address>0xbbb8</run_address>
         <size>0x14</size>
         <input_file_ref idref="fl-5"/>
      </object_component>
      <object_component id="oc-2cc">
         <name>.const:g_pulDisRegs</name>
         <load_address>0xbbcc</load_address>
         <run_address>0xbbcc</run_address>
         <size>0x14</size>
         <input_file_ref idref="fl-27"/>
      </object_component>
      <object_component id="oc-2c9">
         <name>.const:g_pulEnRegs</name>
         <load_address>0xbbe0</load_address>
         <run_address>0xbbe0</run_address>
         <size>0x14</size>
         <input_file_ref idref="fl-27"/>
      </object_component>
      <object_component id="oc-2cf">
         <name>.const:g_pulPendRegs</name>
         <load_address>0xbbf4</load_address>
         <run_address>0xbbf4</run_address>
         <size>0x14</size>
         <input_file_ref idref="fl-27"/>
      </object_component>
      <object_component id="oc-2d2">
         <name>.const:g_pulUnpendRegs</name>
         <load_address>0xbc08</load_address>
         <run_address>0xbc08</run_address>
         <size>0x14</size>
         <input_file_ref idref="fl-27"/>
      </object_component>
      <object_component id="oc-452">
         <name>.const:.string</name>
         <load_address>0xbc1c</load_address>
         <run_address>0xbc1c</run_address>
         <size>0x12</size>
         <input_file_ref idref="fl-15"/>
      </object_component>
      <object_component id="oc-29b">
         <name>.const:g_pulDCRegs</name>
         <load_address>0xbc30</load_address>
         <run_address>0xbc30</run_address>
         <size>0x10</size>
         <input_file_ref idref="fl-2c"/>
      </object_component>
      <object_component id="oc-3dc">
         <name>.const:.string:Rcmd2green</name>
         <load_address>0xbc40</load_address>
         <run_address>0xbc40</run_address>
         <size>0xd</size>
         <input_file_ref idref="fl-b"/>
      </object_component>
      <object_component id="oc-3df">
         <name>.const:.string:Rcmd2red</name>
         <load_address>0xbc4d</load_address>
         <run_address>0xbc4d</run_address>
         <size>0xd</size>
         <input_file_ref idref="fl-b"/>
      </object_component>
      <object_component id="oc-2ad">
         <name>.const:g_pulDCGCRegs</name>
         <load_address>0xbc5c</load_address>
         <run_address>0xbc5c</run_address>
         <size>0xc</size>
         <input_file_ref idref="fl-2c"/>
      </object_component>
      <object_component id="oc-2a1">
         <name>.const:g_pulRCGCRegs</name>
         <load_address>0xbc68</load_address>
         <run_address>0xbc68</run_address>
         <size>0xc</size>
         <input_file_ref idref="fl-2c"/>
      </object_component>
      <object_component id="oc-2aa">
         <name>.const:g_pulSCGCRegs</name>
         <load_address>0xbc74</load_address>
         <run_address>0xbc74</run_address>
         <size>0xc</size>
         <input_file_ref idref="fl-2c"/>
      </object_component>
      <object_component id="oc-29e">
         <name>.const:g_pulSRCRRegs</name>
         <load_address>0xbc80</load_address>
         <run_address>0xbc80</run_address>
         <size>0xc</size>
         <input_file_ref idref="fl-2c"/>
      </object_component>
      <object_component id="oc-123">
         <name>.const:.string:$P$T0$2</name>
         <load_address>0xbc8c</load_address>
         <run_address>0xbc8c</run_address>
         <size>0x4</size>
         <input_file_ref idref="fl-e"/>
      </object_component>
      <object_component id="oc-383">
         <name>.const</name>
         <load_address>0xbc90</load_address>
         <run_address>0xbc90</run_address>
         <size>0x4</size>
         <input_file_ref idref="fl-15"/>
      </object_component>
      <object_component id="oc-4e6">
         <name>.cinit..data.load</name>
         <load_address>0xbc98</load_address>
         <run_address>0xbc98</run_address>
         <size>0x98</size>
      </object_component>
      <object_component id="oc-4e7">
         <name>.cinit..bss.load</name>
         <load_address>0xbd30</load_address>
         <run_address>0xbd30</run_address>
         <size>0xb</size>
      </object_component>
      <object_component id="oc-4e5">
         <name>.cinit..vtable.load</name>
         <load_address>0xbd40</load_address>
         <run_address>0xbd40</run_address>
         <size>0xb</size>
      </object_component>
      <object_component id="oc-4e3">
         <name>__TI_handler_table</name>
         <load_address>0xbd4c</load_address>
         <run_address>0xbd4c</run_address>
         <size>0x8</size>
      </object_component>
      <object_component id="oc-4e4">
         <name>__TI_cinit_table</name>
         <load_address>0xbd54</load_address>
         <run_address>0xbd54</run_address>
         <size>0x18</size>
      </object_component>
      <object_component id="oc-2c0">
         <name>.vtable</name>
         <uninitialized>true</uninitialized>
         <run_address>0x20000000</run_address>
         <size>0x26c</size>
         <input_file_ref idref="fl-27"/>
      </object_component>
      <object_component id="oc-ac">
         <name>.data</name>
         <load_address>0x2000a45c</load_address>
         <run_address>0x2000a45c</run_address>
         <size>0x34</size>
         <input_file_ref idref="fl-5"/>
      </object_component>
      <object_component id="oc-b6">
         <name>.data</name>
         <load_address>0x2000a510</load_address>
         <run_address>0x2000a510</run_address>
         <size>0x4</size>
         <input_file_ref idref="fl-7"/>
      </object_component>
      <object_component id="oc-3d3">
         <name>.data</name>
         <load_address>0x2000a4c4</load_address>
         <run_address>0x2000a4c4</run_address>
         <size>0x12</size>
         <input_file_ref idref="fl-b"/>
      </object_component>
      <object_component id="oc-11f">
         <name>.data</name>
         <load_address>0x2000a490</load_address>
         <run_address>0x2000a490</run_address>
         <size>0x1c</size>
         <input_file_ref idref="fl-e"/>
      </object_component>
      <object_component id="oc-133">
         <name>.data:CommutationSequence</name>
         <load_address>0x2000a3cc</load_address>
         <run_address>0x2000a3cc</run_address>
         <size>0x90</size>
         <input_file_ref idref="fl-e"/>
      </object_component>
      <object_component id="oc-1cf">
         <name>.data</name>
         <load_address>0x2000a4ac</load_address>
         <run_address>0x2000a4ac</run_address>
         <size>0x18</size>
         <input_file_ref idref="fl-f"/>
      </object_component>
      <object_component id="oc-16c">
         <name>.data</name>
         <load_address>0x2000a51c</load_address>
         <run_address>0x2000a51c</run_address>
         <size>0x4</size>
         <input_file_ref idref="fl-13"/>
      </object_component>
      <object_component id="oc-179">
         <name>.data</name>
         <load_address>0x2000a4d8</load_address>
         <run_address>0x2000a4d8</run_address>
         <size>0x10</size>
         <input_file_ref idref="fl-16"/>
      </object_component>
      <object_component id="oc-110">
         <name>.data</name>
         <load_address>0x2000a508</load_address>
         <run_address>0x2000a508</run_address>
         <size>0x8</size>
         <input_file_ref idref="fl-1b"/>
      </object_component>
      <object_component id="oc-1b8">
         <name>.data:$O1$$</name>
         <load_address>0x2000a4e8</load_address>
         <run_address>0x2000a4e8</run_address>
         <size>0xc</size>
         <input_file_ref idref="fl-fa"/>
      </object_component>
      <object_component id="oc-3f8">
         <name>.data:$O1$$</name>
         <load_address>0x2000a4f4</load_address>
         <run_address>0x2000a4f4</run_address>
         <size>0xc</size>
         <input_file_ref idref="fl-104"/>
      </object_component>
      <object_component id="oc-9d">
         <name>.data</name>
         <load_address>0x2000a518</load_address>
         <run_address>0x2000a518</run_address>
         <size>0x4</size>
         <input_file_ref idref="fl-10a"/>
      </object_component>
      <object_component id="oc-1bb">
         <name>.data:$O1$$</name>
         <load_address>0x2000a500</load_address>
         <run_address>0x2000a500</run_address>
         <size>0x8</size>
         <input_file_ref idref="fl-114"/>
      </object_component>
      <object_component id="oc-48d">
         <name>.data</name>
         <load_address>0x2000a514</load_address>
         <run_address>0x2000a514</run_address>
         <size>0x4</size>
         <input_file_ref idref="fl-128"/>
      </object_component>
      <object_component id="oc-1dc">
         <name>.bss:pxReadyTasksLists</name>
         <uninitialized>true</uninitialized>
         <run_address>0x2000a1e4</run_address>
         <size>0x64</size>
         <input_file_ref idref="fl-5"/>
      </object_component>
      <object_component id="oc-20a">
         <name>.bss:xDelayedTaskList1</name>
         <uninitialized>true</uninitialized>
         <run_address>0x2000a300</run_address>
         <size>0x14</size>
         <input_file_ref idref="fl-5"/>
      </object_component>
      <object_component id="oc-20d">
         <name>.bss:xDelayedTaskList2</name>
         <uninitialized>true</uninitialized>
         <run_address>0x2000a314</run_address>
         <size>0x14</size>
         <input_file_ref idref="fl-5"/>
      </object_component>
      <object_component id="oc-1f4">
         <name>.bss</name>
         <uninitialized>true</uninitialized>
         <run_address>0x2000a390</run_address>
         <size>0x8</size>
         <input_file_ref idref="fl-5"/>
      </object_component>
      <object_component id="oc-1e5">
         <name>.bss:xPendingReadyList</name>
         <uninitialized>true</uninitialized>
         <run_address>0x2000a328</run_address>
         <size>0x14</size>
         <input_file_ref idref="fl-5"/>
      </object_component>
      <object_component id="oc-1df">
         <name>.bss:xTasksWaitingTermination</name>
         <uninitialized>true</uninitialized>
         <run_address>0x2000a350</run_address>
         <size>0x14</size>
         <input_file_ref idref="fl-5"/>
      </object_component>
      <object_component id="oc-1e2">
         <name>.bss:xSuspendedTaskList</name>
         <uninitialized>true</uninitialized>
         <run_address>0x2000a33c</run_address>
         <size>0x14</size>
         <input_file_ref idref="fl-5"/>
      </object_component>
      <object_component id="oc-210">
         <name>.bss:pcStatusString$2</name>
         <uninitialized>true</uninitialized>
         <run_address>0x2000a298</run_address>
         <size>0x34</size>
         <input_file_ref idref="fl-5"/>
      </object_component>
      <object_component id="oc-3e5">
         <name>.bss:cfont</name>
         <uninitialized>true</uninitialized>
         <run_address>0x2000a384</run_address>
         <size>0xc</size>
         <input_file_ref idref="fl-b"/>
      </object_component>
      <object_component id="oc-3e8">
         <name>.bss:_screen</name>
         <uninitialized>true</uninitialized>
         <run_address>0x2000a2cc</run_address>
         <size>0x20</size>
         <input_file_ref idref="fl-b"/>
      </object_component>
      <object_component id="oc-132">
         <name>.bss</name>
         <uninitialized>true</uninitialized>
         <run_address>0x2000a398</run_address>
         <size>0x4</size>
         <input_file_ref idref="fl-e"/>
      </object_component>
      <object_component id="oc-15b">
         <name>.bss:g_pucRX0Buffer</name>
         <uninitialized>true</uninitialized>
         <run_address>0x20009fe4</run_address>
         <size>0x100</size>
         <input_file_ref idref="fl-14"/>
      </object_component>
      <object_component id="oc-161">
         <name>.bss:g_pucTX0Buffer</name>
         <uninitialized>true</uninitialized>
         <run_address>0x2000a0e4</run_address>
         <size>0x100</size>
         <input_file_ref idref="fl-14"/>
      </object_component>
      <object_component id="oc-15e">
         <name>.bss:g_sTxBuf</name>
         <uninitialized>true</uninitialized>
         <run_address>0x2000a364</run_address>
         <size>0x10</size>
         <input_file_ref idref="fl-14"/>
      </object_component>
      <object_component id="oc-17f">
         <name>.bss:ucRxBuffers</name>
         <uninitialized>true</uninitialized>
         <run_address>0x20008270</run_address>
         <size>0x1d74</size>
         <input_file_ref idref="fl-16"/>
      </object_component>
      <object_component id="oc-176">
         <name>.bss:ulRxLength</name>
         <uninitialized>true</uninitialized>
         <run_address>0x2000a2ec</run_address>
         <size>0x14</size>
         <input_file_ref idref="fl-16"/>
      </object_component>
      <object_component id="oc-182">
         <name>.bss</name>
         <uninitialized>true</uninitialized>
         <run_address>0x2000a39c</run_address>
         <size>0x4</size>
         <input_file_ref idref="fl-16"/>
      </object_component>
      <object_component id="oc-28b">
         <name>.bss:g_pucOversampleFactor</name>
         <uninitialized>true</uninitialized>
         <run_address>0x2000a3a0</run_address>
         <size>0x4</size>
         <input_file_ref idref="fl-1c"/>
      </object_component>
      <object_component id="oc-221">
         <name>.common:xQueueRegistry</name>
         <uninitialized>true</uninitialized>
         <run_address>0x2000a248</run_address>
         <size>0x50</size>
      </object_component>
      <object_component id="oc-cb">
         <name>.common:xPulseWidthQueue</name>
         <uninitialized>true</uninitialized>
         <run_address>0x2000a3b8</run_address>
         <size>0x4</size>
      </object_component>
      <object_component id="oc-d4">
         <name>.common:xVoltageQueue</name>
         <uninitialized>true</uninitialized>
         <run_address>0x2000a3c4</run_address>
         <size>0x4</size>
      </object_component>
      <object_component id="oc-d5">
         <name>.common:xSpeedQueue</name>
         <uninitialized>true</uninitialized>
         <run_address>0x2000a3bc</run_address>
         <size>0x4</size>
      </object_component>
      <object_component id="oc-100">
         <name>.common:xNominalSpeedQueue</name>
         <uninitialized>true</uninitialized>
         <run_address>0x2000a3b0</run_address>
         <size>0x4</size>
      </object_component>
      <object_component id="oc-101">
         <name>.common:xTimeConstantQueue</name>
         <uninitialized>true</uninitialized>
         <run_address>0x2000a3c0</run_address>
         <size>0x4</size>
      </object_component>
      <object_component id="oc-108">
         <name>.common:CounterValue</name>
         <uninitialized>true</uninitialized>
         <run_address>0x2000a3a4</run_address>
         <size>0x4</size>
      </object_component>
      <object_component id="oc-109">
         <name>.common:Speed</name>
         <uninitialized>true</uninitialized>
         <run_address>0x2000a3a8</run_address>
         <size>0x4</size>
      </object_component>
      <object_component id="oc-122">
         <name>.common:error_output_toggle</name>
         <uninitialized>true</uninitialized>
         <run_address>0x2000a3c9</run_address>
         <size>0x1</size>
      </object_component>
      <object_component id="oc-d6">
         <name>.common:xOLEDQueue</name>
         <uninitialized>true</uninitialized>
         <run_address>0x2000a3b4</run_address>
         <size>0x4</size>
      </object_component>
      <object_component id="oc-164">
         <name>.common:RxBufFull</name>
         <uninitialized>true</uninitialized>
         <run_address>0x2000a3c8</run_address>
         <size>0x1</size>
      </object_component>
      <object_component id="oc-158">
         <name>.common:g_sRxBuf</name>
         <uninitialized>true</uninitialized>
         <run_address>0x2000a374</run_address>
         <size>0x10</size>
      </object_component>
      <object_component id="oc-17c">
         <name>.common:uip_buf</name>
         <uninitialized>true</uninitialized>
         <run_address>0x2000a3ac</run_address>
         <size>0x4</size>
      </object_component>
      <object_component id="oc-2b">
         <name>.sysmem</name>
         <uninitialized>true</uninitialized>
         <run_address>0x20000270</run_address>
         <size>0x8</size>
         <input_file_ref idref="fl-104"/>
      </object_component>
      <object_component id="oc-4e9">
         <name>.sysmem</name>
         <uninitialized>true</uninitialized>
         <run_address>0x20000270</run_address>
         <size>0x0</size>
      </object_component>
      <object_component id="oc-2a">
         <name>.stack</name>
         <uninitialized>true</uninitialized>
         <run_address>0x2000a520</run_address>
         <size>0x0</size>
         <input_file_ref idref="fl-f5"/>
      </object_component>
      <object_component id="oc-4e8">
         <name>.stack</name>
         <uninitialized>true</uninitialized>
         <run_address>0x2000a520</run_address>
         <size>0x0</size>
      </object_component>
      <object_component id="oc-220">
         <name>.debug_info</name>
         <load_address>0x0</load_address>
         <run_address>0x0</run_address>
         <size>0x320</size>
         <input_file_ref idref="fl-2"/>
      </object_component>
      <object_component id="oc-c0">
         <name>.debug_info</name>
         <load_address>0x320</load_address>
         <run_address>0x320</run_address>
         <size>0x84</size>
         <input_file_ref idref="fl-2"/>
      </object_component>
      <object_component id="oc-363">
         <name>.debug_info</name>
         <load_address>0x3a4</load_address>
         <run_address>0x3a4</run_address>
         <size>0xcc</size>
         <input_file_ref idref="fl-2"/>
      </object_component>
      <object_component id="oc-212">
         <name>.debug_info</name>
         <load_address>0x470</load_address>
         <run_address>0x470</run_address>
         <size>0x16d</size>
         <input_file_ref idref="fl-2"/>
      </object_component>
      <object_component id="oc-bb">
         <name>.debug_info</name>
         <load_address>0x5dd</load_address>
         <run_address>0x5dd</run_address>
         <size>0x2c</size>
         <input_file_ref idref="fl-2"/>
      </object_component>
      <object_component id="oc-25d">
         <name>.debug_info</name>
         <load_address>0x609</load_address>
         <run_address>0x609</run_address>
         <size>0x46</size>
         <input_file_ref idref="fl-2"/>
      </object_component>
      <object_component id="oc-13c">
         <name>.debug_info</name>
         <load_address>0x64f</load_address>
         <run_address>0x64f</run_address>
         <size>0x2c</size>
         <input_file_ref idref="fl-2"/>
      </object_component>
      <object_component id="oc-21b">
         <name>.debug_info</name>
         <load_address>0x67b</load_address>
         <run_address>0x67b</run_address>
         <size>0x14c</size>
         <input_file_ref idref="fl-2"/>
      </object_component>
      <object_component id="oc-337">
         <name>.debug_info</name>
         <load_address>0x7c7</load_address>
         <run_address>0x7c7</run_address>
         <size>0x130</size>
         <input_file_ref idref="fl-3"/>
      </object_component>
      <object_component id="oc-1d8">
         <name>.debug_info</name>
         <load_address>0x8f7</load_address>
         <run_address>0x8f7</run_address>
         <size>0x492</size>
         <input_file_ref idref="fl-3"/>
      </object_component>
      <object_component id="oc-22a">
         <name>.debug_info</name>
         <load_address>0xd89</load_address>
         <run_address>0xd89</run_address>
         <size>0x110</size>
         <input_file_ref idref="fl-3"/>
      </object_component>
      <object_component id="oc-222">
         <name>.debug_info</name>
         <load_address>0xe99</load_address>
         <run_address>0xe99</run_address>
         <size>0x5b6</size>
         <input_file_ref idref="fl-4"/>
      </object_component>
      <object_component id="oc-c7">
         <name>.debug_info</name>
         <load_address>0x144f</load_address>
         <run_address>0x144f</run_address>
         <size>0x1f9d</size>
         <input_file_ref idref="fl-4"/>
      </object_component>
      <object_component id="oc-225">
         <name>.debug_info</name>
         <load_address>0x33ec</load_address>
         <run_address>0x33ec</run_address>
         <size>0x18e</size>
         <input_file_ref idref="fl-4"/>
      </object_component>
      <object_component id="oc-1d5">
         <name>.debug_info</name>
         <load_address>0x357a</load_address>
         <run_address>0x357a</run_address>
         <size>0x68c</size>
         <input_file_ref idref="fl-5"/>
      </object_component>
      <object_component id="oc-ad">
         <name>.debug_info</name>
         <load_address>0x3c06</load_address>
         <run_address>0x3c06</run_address>
         <size>0x30c</size>
         <input_file_ref idref="fl-5"/>
      </object_component>
      <object_component id="oc-1dd">
         <name>.debug_info</name>
         <load_address>0x3f12</load_address>
         <run_address>0x3f12</run_address>
         <size>0xdb</size>
         <input_file_ref idref="fl-5"/>
      </object_component>
      <object_component id="oc-20b">
         <name>.debug_info</name>
         <load_address>0x3fed</load_address>
         <run_address>0x3fed</run_address>
         <size>0xdb</size>
         <input_file_ref idref="fl-5"/>
      </object_component>
      <object_component id="oc-20e">
         <name>.debug_info</name>
         <load_address>0x40c8</load_address>
         <run_address>0x40c8</run_address>
         <size>0xdb</size>
         <input_file_ref idref="fl-5"/>
      </object_component>
      <object_component id="oc-1f5">
         <name>.debug_info</name>
         <load_address>0x41a3</load_address>
         <run_address>0x41a3</run_address>
         <size>0x11d</size>
         <input_file_ref idref="fl-5"/>
      </object_component>
      <object_component id="oc-1e6">
         <name>.debug_info</name>
         <load_address>0x42c0</load_address>
         <run_address>0x42c0</run_address>
         <size>0xdb</size>
         <input_file_ref idref="fl-5"/>
      </object_component>
      <object_component id="oc-1e0">
         <name>.debug_info</name>
         <load_address>0x439b</load_address>
         <run_address>0x439b</run_address>
         <size>0xe9</size>
         <input_file_ref idref="fl-5"/>
      </object_component>
      <object_component id="oc-1e3">
         <name>.debug_info</name>
         <load_address>0x4484</load_address>
         <run_address>0x4484</run_address>
         <size>0xdd</size>
         <input_file_ref idref="fl-5"/>
      </object_component>
      <object_component id="oc-b2">
         <name>.debug_info</name>
         <load_address>0x4561</load_address>
         <run_address>0x4561</run_address>
         <size>0x2f10</size>
         <input_file_ref idref="fl-5"/>
      </object_component>
      <object_component id="oc-23b">
         <name>.debug_info</name>
         <load_address>0x7471</load_address>
         <run_address>0x7471</run_address>
         <size>0xc8</size>
         <input_file_ref idref="fl-5"/>
      </object_component>
      <object_component id="oc-32c">
         <name>.debug_info</name>
         <load_address>0x7539</load_address>
         <run_address>0x7539</run_address>
         <size>0x39</size>
         <input_file_ref idref="fl-5"/>
      </object_component>
      <object_component id="oc-141">
         <name>.debug_info</name>
         <load_address>0x7572</load_address>
         <run_address>0x7572</run_address>
         <size>0x2c</size>
         <input_file_ref idref="fl-5"/>
      </object_component>
      <object_component id="oc-358">
         <name>.debug_info</name>
         <load_address>0x759e</load_address>
         <run_address>0x759e</run_address>
         <size>0x4e</size>
         <input_file_ref idref="fl-5"/>
      </object_component>
      <object_component id="oc-331">
         <name>.debug_info</name>
         <load_address>0x75ec</load_address>
         <run_address>0x75ec</run_address>
         <size>0xee</size>
         <input_file_ref idref="fl-5"/>
      </object_component>
      <object_component id="oc-36a">
         <name>.debug_info</name>
         <load_address>0x76da</load_address>
         <run_address>0x76da</run_address>
         <size>0x12e</size>
         <input_file_ref idref="fl-6"/>
      </object_component>
      <object_component id="oc-236">
         <name>.debug_info</name>
         <load_address>0x7808</load_address>
         <run_address>0x7808</run_address>
         <size>0x2c</size>
         <input_file_ref idref="fl-6"/>
      </object_component>
      <object_component id="oc-ba">
         <name>.debug_info</name>
         <load_address>0x7834</load_address>
         <run_address>0x7834</run_address>
         <size>0x1f7</size>
         <input_file_ref idref="fl-7"/>
      </object_component>
      <object_component id="oc-b7">
         <name>.debug_info</name>
         <load_address>0x7a2b</load_address>
         <run_address>0x7a2b</run_address>
         <size>0xef</size>
         <input_file_ref idref="fl-7"/>
      </object_component>
      <object_component id="oc-3b">
         <name>.debug_info</name>
         <load_address>0x7b1a</load_address>
         <run_address>0x7b1a</run_address>
         <size>0x6fd</size>
         <input_file_ref idref="fl-7"/>
      </object_component>
      <object_component id="oc-35">
         <name>.debug_info</name>
         <load_address>0x8217</load_address>
         <run_address>0x8217</run_address>
         <size>0x151</size>
         <input_file_ref idref="fl-8"/>
      </object_component>
      <object_component id="oc-34f">
         <name>.debug_info</name>
         <load_address>0x8368</load_address>
         <run_address>0x8368</run_address>
         <size>0x1e7</size>
         <input_file_ref idref="fl-9"/>
      </object_component>
      <object_component id="oc-1ff">
         <name>.debug_info</name>
         <load_address>0x854f</load_address>
         <run_address>0x854f</run_address>
         <size>0x2a9</size>
         <input_file_ref idref="fl-9"/>
      </object_component>
      <object_component id="oc-461">
         <name>.debug_info</name>
         <load_address>0x87f8</load_address>
         <run_address>0x87f8</run_address>
         <size>0xeb</size>
         <input_file_ref idref="fl-a"/>
      </object_component>
      <object_component id="oc-3d1">
         <name>.debug_info</name>
         <load_address>0x88e3</load_address>
         <run_address>0x88e3</run_address>
         <size>0xdf</size>
         <input_file_ref idref="fl-a"/>
      </object_component>
      <object_component id="oc-3ec">
         <name>.debug_info</name>
         <load_address>0x89c2</load_address>
         <run_address>0x89c2</run_address>
         <size>0x37f</size>
         <input_file_ref idref="fl-b"/>
      </object_component>
      <object_component id="oc-3d4">
         <name>.debug_info</name>
         <load_address>0x8d41</load_address>
         <run_address>0x8d41</run_address>
[...]
         <object_component_ref idref="oc-14c"/>
      </symbol>
      <symbol id="sm-d2f">
         <name>UARTDMAEnable</name>
         <value>0x73cd</value>
         <object_component_ref idref="oc-14c"/>
      </symbol>
      <symbol id="sm-d30">
         <name>UARTTxIntModeSet</name>
         <value>0x721b</value>
         <object_component_ref idref="oc-14c"/>
      </symbol>
      <symbol id="sm-d31">
         <name>UARTFIFODisable</name>
         <value>0x70d5</value>
         <object_component_ref idref="oc-14c"/>
      </symbol>
      <symbol id="sm-d32">
         <name>UARTIntUnregister</name>
         <value>0x734d</value>
         <object_component_ref idref="oc-14c"/>
      </symbol>
      <symbol id="sm-d33">
         <name>UARTRxErrorClear</name>
         <value>0x740f</value>
         <object_component_ref idref="oc-14c"/>
      </symbol>
      <symbol id="sm-d34">
         <name>UARTModemControlSet</name>
         <value>0x7177</value>
         <object_component_ref idref="oc-14c"/>
      </symbol>
      <symbol id="sm-d35">
         <name>UARTFlowControlSet</name>
         <value>0x71ed</value>
         <object_component_ref idref="oc-14c"/>
      </symbol>
      <symbol id="sm-d36">
         <name>UARTConfigSetExpClk</name>
         <value>0x6faf</value>
         <object_component_ref idref="oc-14c"/>
      </symbol>
      <symbol id="sm-d37">
         <name>UARTSmartCardDisable</name>
         <value>0x7161</value>
         <object_component_ref idref="oc-14c"/>
      </symbol>
      <symbol id="sm-d38">
         <name>UARTDisable</name>
         <value>0x7095</value>
         <object_component_ref idref="oc-14c"/>
      </symbol>
      <symbol id="sm-d39">
         <name>UART9BitDisable</name>
         <value>0x7459</value>
         <object_component_ref idref="oc-14c"/>
      </symbol>
      <symbol id="sm-d3a">
         <name>UARTFIFOLevelGet</name>
         <value>0x6f87</value>
         <object_component_ref idref="oc-14c"/>
      </symbol>
      <symbol id="sm-d3b">
         <name>UARTBusy</name>
         <value>0x7317</value>
         <object_component_ref idref="oc-14c"/>
      </symbol>
      <symbol id="sm-d3c">
         <name>UARTDisableSIR</name>
         <value>0x7119</value>
         <object_component_ref idref="oc-14c"/>
      </symbol>
      <symbol id="sm-d3d">
         <name>UARTIntEnable</name>
         <value>0x7367</value>
         <object_component_ref idref="oc-14c"/>
      </symbol>
      <symbol id="sm-d3e">
         <name>UARTCharsAvail</name>
         <value>0x7249</value>
         <object_component_ref idref="oc-14c"/>
      </symbol>
      <symbol id="sm-d3f">
         <name>UARTCharGetNonBlocking</name>
         <value>0x7279</value>
         <object_component_ref idref="oc-14c"/>
      </symbol>
      <symbol id="sm-d40">
         <name>UARTClockSourceSet</name>
         <value>0x741f</value>
         <object_component_ref idref="oc-14c"/>
      </symbol>
      <symbol id="sm-d41">
         <name>UARTTxIntModeGet</name>
         <value>0x7237</value>
         <object_component_ref idref="oc-14c"/>
      </symbol>
      <symbol id="sm-d42">
         <name>UARTModemStatusGet</name>
         <value>0x71d1</value>
         <object_component_ref idref="oc-14c"/>
      </symbol>
      <symbol id="sm-d43">
         <name>UARTIntDisable</name>
         <value>0x7385</value>
         <object_component_ref idref="oc-14c"/>
      </symbol>
      <symbol id="sm-d44">
         <name>UARTCharPut</name>
         <value>0x72cf</value>
         <object_component_ref idref="oc-14c"/>
      </symbol>
      <symbol id="sm-d45">
         <name>UARTParityModeSet</name>
         <value>0x6f41</value>
         <object_component_ref idref="oc-14c"/>
      </symbol>
      <symbol id="sm-d46">
         <name>UARTRxErrorGet</name>
         <value>0x73fd</value>
         <object_component_ref idref="oc-14c"/>
      </symbol>
      <symbol id="sm-d47">
         <name>UARTConfigGetExpClk</name>
         <value>0x7025</value>
         <object_component_ref idref="oc-14c"/>
      </symbol>
      <symbol id="sm-d48">
         <name>UARTEnableSIR</name>
         <value>0x70eb</value>
         <object_component_ref idref="oc-14c"/>
      </symbol>
      <symbol id="sm-d49">
         <name>UARTEnable</name>
         <value>0x7071</value>
         <object_component_ref idref="oc-14c"/>
      </symbol>
      <symbol id="sm-d4a">
         <name>UART9BitAddrSend</name>
         <value>0x7495</value>
         <object_component_ref idref="oc-14c"/>
      </symbol>
      <symbol id="sm-d4b">
         <name>UARTModemControlGet</name>
         <value>0x71bf</value>
         <object_component_ref idref="oc-14c"/>
      </symbol>
      <symbol id="sm-d4c">
         <name>UARTSmartCardEnable</name>
         <value>0x712f</value>
         <object_component_ref idref="oc-14c"/>
      </symbol>
      <symbol id="sm-d4d">
         <name>UARTFlowControlGet</name>
         <value>0x7209</value>
         <object_component_ref idref="oc-14c"/>
      </symbol>
      <symbol id="sm-d4e">
         <name>UARTFIFOEnable</name>
         <value>0x70bf</value>
         <object_component_ref idref="oc-14c"/>
      </symbol>
      <symbol id="sm-d4f">
         <name>UARTIntClear</name>
         <value>0x73bb</value>
         <object_component_ref idref="oc-14c"/>
      </symbol>
      <symbol id="sm-d50">
         <name>UARTIntStatus</name>
         <value>0x739d</value>
         <object_component_ref idref="oc-14c"/>
      </symbol>
      <symbol id="sm-d51">
         <name>UARTDMADisable</name>
         <value>0x73e5</value>
         <object_component_ref idref="oc-14c"/>
      </symbol>
      <symbol id="sm-d52">
         <name>UART9BitEnable</name>
         <value>0x7443</value>
         <object_component_ref idref="oc-14c"/>
      </symbol>
      <symbol id="sm-d53">
         <name>UARTSpaceAvail</name>
         <value>0x7261</value>
         <object_component_ref idref="oc-14c"/>
      </symbol>
      <symbol id="sm-d54">
         <name>UARTCharGet</name>
         <value>0x7295</value>
         <object_component_ref idref="oc-14c"/>
      </symbol>
      <symbol id="sm-d55">
         <name>UARTFIFOLevelSet</name>
         <value>0x6f6f</value>
         <object_component_ref idref="oc-14c"/>
      </symbol>
      <symbol id="sm-d56">
         <name>UARTModemControlClear</name>
         <value>0x719b</value>
         <object_component_ref idref="oc-14c"/>
      </symbol>
      <symbol id="sm-d57">
         <name>UARTParityModeGet</name>
         <value>0x6f5d</value>
         <object_component_ref idref="oc-14c"/>
      </symbol>
      <symbol id="sm-d58">
         <name>UARTIntRegister</name>
         <value>0x732f</value>
         <object_component_ref idref="oc-14c"/>
      </symbol>
      <symbol id="sm-d59">
         <name>UARTBreakCtl</name>
         <value>0x72ed</value>
         <object_component_ref idref="oc-14c"/>
      </symbol>
      <symbol id="sm-d5a">
         <name>UART9BitAddrSet</name>
         <value>0x746f</value>
         <object_component_ref idref="oc-14c"/>
      </symbol>
      <symbol id="sm-d76">
         <name>_c_int00</name>
         <value>0xaef1</value>
         <object_component_ref idref="oc-24"/>
      </symbol>
      <symbol id="sm-d77">
         <name>__stack</name>
         <value>0x2000a520</value>
         <object_component_ref idref="oc-2a"/>
      </symbol>
      <symbol id="sm-d8e">
         <name>__TI_decompress_none</name>
         <value>0xb13d</value>
         <object_component_ref idref="oc-12"/>
      </symbol>
      <symbol id="sm-db1">
         <name>__TI_decompress_rle24</name>
         <value>0xb159</value>
         <object_component_ref idref="oc-18"/>
      </symbol>
      <symbol id="sm-dbd">
         <name>_ctypes_</name>
         <value>0xb784</value>
         <object_component_ref idref="oc-496"/>
      </symbol>
      <symbol id="sm-dde">
         <name>C$$EXIT</name>
         <value>0xad15</value>
         <object_component_ref idref="oc-97"/>
      </symbol>
      <symbol id="sm-ddf">
         <name>abort</name>
         <value>0xad19</value>
         <object_component_ref idref="oc-97"/>
      </symbol>
      <symbol id="sm-de0">
         <name>exit</name>
         <value>0xad21</value>
         <object_component_ref idref="oc-97"/>
      </symbol>
      <symbol id="sm-de1">
         <name>__TI_dtors_ptr</name>
         <value>0x2000a4ec</value>
         <object_component_ref idref="oc-1b8"/>
      </symbol>
      <symbol id="sm-de2">
         <name>__TI_cleanup_ptr</name>
         <value>0x2000a4e8</value>
         <object_component_ref idref="oc-1b8"/>
      </symbol>
      <symbol id="sm-de3">
         <name>__TI_enable_exit_profile_output</name>
         <value>0x2000a4f0</value>
         <object_component_ref idref="oc-1b8"/>
      </symbol>
      <symbol id="sm-dfa">
         <name>__aeabi_dsub</name>
         <value>0x9d2d</value>
         <object_component_ref idref="oc-eb"/>
      </symbol>
      <symbol id="sm-dfb">
         <name>__aeabi_dadd</name>
         <value>0x9d37</value>
         <object_component_ref idref="oc-eb"/>
      </symbol>
      <symbol id="sm-e0f">
         <name>__aeabi_ddiv</name>
         <value>0xa1b1</value>
         <object_component_ref idref="oc-e6"/>
      </symbol>
      <symbol id="sm-e1a">
         <name>__aeabi_dmul</name>
         <value>0xa515</value>
         <object_component_ref idref="oc-e1"/>
      </symbol>
      <symbol id="sm-e24">
         <name>__aeabi_d2iz</name>
         <value>0xaea9</value>
         <object_component_ref idref="oc-f5"/>
      </symbol>
      <symbol id="sm-e30">
         <name>__aeabi_d2f</name>
         <value>0xab81</value>
         <object_component_ref idref="oc-f0"/>
      </symbol>
      <symbol id="sm-e3b">
         <name>__aeabi_f2d</name>
         <value>0xafaf</value>
         <object_component_ref idref="oc-d7"/>
      </symbol>
      <symbol id="sm-e45">
         <name>__aeabi_i2d</name>
         <value>0xb047</value>
         <object_component_ref idref="oc-dc"/>
      </symbol>
      <symbol id="sm-e55">
         <name>memcmp</name>
         <value>0xb075</value>
         <object_component_ref idref="oc-1ee"/>
      </symbol>
      <symbol id="sm-e70">
         <name>memcpy</name>
         <value>0xa86d</value>
         <object_component_ref idref="oc-5a"/>
      </symbol>
      <symbol id="sm-e71">
         <name>__aeabi_memcpy</name>
         <value>0xa86d</value>
         <object_component_ref idref="oc-5a"/>
      </symbol>
      <symbol id="sm-e72">
         <name>__aeabi_memcpy8</name>
         <value>0xa86d</value>
         <object_component_ref idref="oc-5a"/>
      </symbol>
      <symbol id="sm-e73">
         <name>__aeabi_memcpy4</name>
         <value>0xa86d</value>
         <object_component_ref idref="oc-5a"/>
      </symbol>
      <symbol id="sm-eea">
         <name>_sys_memory</name>
         <value>0x20000270</value>
         <object_component_ref idref="oc-2b"/>
      </symbol>
      <symbol id="sm-eeb">
         <name>free</name>
         <value>0x8a6f</value>
         <object_component_ref idref="oc-348"/>
      </symbol>
      <symbol id="sm-eec">
         <name>realloc</name>
         <value>0x8b2f</value>
         <object_component_ref idref="oc-348"/>
      </symbol>
      <symbol id="sm-eed">
         <name>memalign</name>
         <value>0x8c3d</value>
         <object_component_ref idref="oc-348"/>
      </symbol>
      <symbol id="sm-eee">
         <name>calloc</name>
         <value>0x8d21</value>
         <object_component_ref idref="oc-348"/>
      </symbol>
      <symbol id="sm-eef">
         <name>malloc</name>
         <value>0x8a07</value>
         <object_component_ref idref="oc-348"/>
      </symbol>
      <symbol id="sm-ef0">
         <name>minit</name>
         <value>0x8979</value>
         <object_component_ref idref="oc-348"/>
      </symbol>
      <symbol id="sm-eff">
         <name>__aeabi_memset</name>
         <value>0xaa97</value>
         <object_component_ref idref="oc-73"/>
      </symbol>
      <symbol id="sm-f00">
         <name>memset</name>
         <value>0xaa9d</value>
         <object_component_ref idref="oc-73"/>
      </symbol>
      <symbol id="sm-f01">
         <name>__aeabi_memset8</name>
         <value>0xaa97</value>
         <object_component_ref idref="oc-73"/>
      </symbol>
      <symbol id="sm-f02">
         <name>__aeabi_memset4</name>
         <value>0xaa97</value>
         <object_component_ref idref="oc-73"/>
      </symbol>
      <symbol id="sm-f03">
         <name>__aeabi_memclr8</name>
         <value>0xaa95</value>
         <object_component_ref idref="oc-73"/>
      </symbol>
      <symbol id="sm-f04">
         <name>__aeabi_memclr4</name>
         <value>0xaa95</value>
         <object_component_ref idref="oc-73"/>
      </symbol>
      <symbol id="sm-f05">
         <name>__aeabi_memclr</name>
         <value>0xaa95</value>
         <object_component_ref idref="oc-73"/>
      </symbol>
      <symbol id="sm-f0f">
         <name>__mpu_init</name>
         <value>0x6f03</value>
         <object_component_ref idref="oc-7f"/>
      </symbol>
      <symbol id="sm-f19">
         <name>_system_pre_init</name>
         <value>0xb15f</value>
         <object_component_ref idref="oc-85"/>
      </symbol>
      <symbol id="sm-f33">
         <name>sprintf</name>
         <value>0xac59</value>
         <object_component_ref idref="oc-204"/>
      </symbol>
      <symbol id="sm-f3b">
         <name>main_func_sp</name>
         <value>0x2000a518</value>
         <object_component_ref idref="oc-9d"/>
      </symbol>
      <symbol id="sm-f4b">
         <name>strcat</name>
         <value>0xb097</value>
         <object_component_ref idref="oc-1e8"/>
      </symbol>
      <symbol id="sm-f5b">
         <name>strchr</name>
         <value>0xb0e9</value>
         <object_component_ref idref="oc-41f"/>
      </symbol>
      <symbol id="sm-f69">
         <name>strcpy</name>
         <value>0xb0ff</value>
         <object_component_ref idref="oc-119"/>
      </symbol>
      <symbol id="sm-f77">
         <name>strlen</name>
         <value>0xb129</value>
         <object_component_ref idref="oc-10a"/>
      </symbol>
      <symbol id="sm-f88">
         <name>strncpy</name>
         <value>0xb017</value>
         <object_component_ref idref="oc-1f8"/>
      </symbol>
      <symbol id="sm-f99">
         <name>__aeabi_uidivmod</name>
         <value>0xaf31</value>
         <object_component_ref idref="oc-37e"/>
      </symbol>
      <symbol id="sm-f9a">
         <name>__aeabi_uidiv</name>
         <value>0xaf31</value>
         <object_component_ref idref="oc-37e"/>
      </symbol>
      <symbol id="sm-fb3">
         <name>_nop</name>
         <value>0xb123</value>
         <object_component_ref idref="oc-31c"/>
      </symbol>
      <symbol id="sm-fb4">
         <name>_lock</name>
         <value>0x2000a500</value>
         <object_component_ref idref="oc-1bb"/>
      </symbol>
      <symbol id="sm-fb5">
         <name>_unlock</name>
         <value>0x2000a504</value>
         <object_component_ref idref="oc-1bb"/>
      </symbol>
      <symbol id="sm-fb6">
         <name>_register_lock</name>
         <value>0xb11b</value>
         <object_component_ref idref="oc-31c"/>
      </symbol>
      <symbol id="sm-fb7">
         <name>_register_unlock</name>
         <value>0xb115</value>
         <object_component_ref idref="oc-31c"/>
      </symbol>
      <symbol id="sm-10be">
         <name>__TI_printfi</name>
         <value>0x24f7</value>
         <object_component_ref idref="oc-350"/>
      </symbol>
      <symbol id="sm-10d2">
         <name>_args_main</name>
         <value>0xb0d1</value>
         <object_component_ref idref="oc-91"/>
      </symbol>
      <symbol id="sm-10e8">
         <name>atoi</name>
         <value>0xae11</value>
         <object_component_ref idref="oc-42b"/>
      </symbol>
      <symbol id="sm-110d">
         <name>__TI_auto_init</name>
         <value>0xab11</value>
         <object_component_ref idref="oc-8b"/>
      </symbol>
      <symbol id="sm-1127">
         <name>copy_in</name>
         <value>0xae5d</value>
         <object_component_ref idref="oc-1a2"/>
      </symbol>
      <symbol id="sm-114a">
         <name>__aeabi_cdcmpeq</name>
         <value>0xa909</value>
         <object_component_ref idref="oc-403"/>
      </symbol>
      <symbol id="sm-114b">
         <name>__aeabi_cdcmple</name>
         <value>0xa909</value>
         <object_component_ref idref="oc-403"/>
      </symbol>
      <symbol id="sm-114c">
         <name>__aeabi_cdrcmple</name>
         <value>0xa98f</value>
         <object_component_ref idref="oc-408"/>
      </symbol>
      <symbol id="sm-1158">
         <name>__aeabi_idiv0</name>
         <value>0x68d7</value>
         <object_component_ref idref="oc-44b"/>
      </symbol>
      <symbol id="sm-1167">
         <name>ltoa</name>
         <value>0xad69</value>
         <object_component_ref idref="oc-40d"/>
      </symbol>
      <symbol id="sm-1177">
         <name>memccpy</name>
         <value>0xb0b7</value>
         <object_component_ref idref="oc-425"/>
      </symbol>
      <symbol id="sm-1191">
         <name>frexpl</name>
         <value>0xacb9</value>
         <object_component_ref idref="oc-413"/>
      </symbol>
      <symbol id="sm-1192">
         <name>frexp</name>
         <value>0xacb9</value>
         <object_component_ref idref="oc-413"/>
      </symbol>
      <symbol id="sm-11b0">
         <name>scalbn</name>
         <value>0xa6f5</value>
         <object_component_ref idref="oc-419"/>
      </symbol>
      <symbol id="sm-11b1">
         <name>scalbnl</name>
         <value>0xa6f5</value>
         <object_component_ref idref="oc-419"/>
      </symbol>
      <symbol id="sm-11b2">
         <name>ldexpl</name>
         <value>0xa6f5</value>
         <object_component_ref idref="oc-419"/>
      </symbol>
      <symbol id="sm-11b3">
         <name>ldexp</name>
         <value>0xa6f5</value>
         <object_component_ref idref="oc-419"/>
      </symbol>
      <symbol id="sm-11bd">
         <name>_system_post_cinit</name>
         <value>0x8017</value>
         <object_component_ref idref="oc-1a8"/>
      </symbol>
      <symbol id="sm-11d9">
         <name>__aeabi_uldivmod</name>
         <value>0x9955</value>
         <object_component_ref idref="oc-3fe"/>
      </symbol>
      <symbol id="sm-11e3">
         <name>errno</name>
         <value>0x2000a514</value>
         <object_component_ref idref="oc-48d"/>
      </symbol>
      <symbol id="sm-11f7">
         <name>copysign</name>
         <value>0xb14b</value>
         <object_component_ref idref="oc-487"/>
      </symbol>
      <symbol id="sm-11f8">
         <name>copysignl</name>
         <value>0xb14b</value>
         <object_component_ref idref="oc-487"/>
      </symbol>
      <symbol id="sm-1203">
         <name>__TI_static_base__</name>
         <value>0x0</value>
      </symbol>
      <symbol id="sm-1206">
         <name>SHT$$INIT_ARRAY$$Limit</name>
         <value>0x0</value>
      </symbol>
      <symbol id="sm-1207">
         <name>SHT$$INIT_ARRAY$$Base</name>
         <value>0x0</value>
      </symbol>
   </symbol_table>
   <title>Link successful</title>
</link_info>
